[ 1] clarification  match        semantic_verification_failed                   최근 1년 동안 특정 브랜드를 2회 이상 구매한 회원을 대상으로 브랜
[ 2] unsupported    regression   semantic_ir_unsupported                        최근 3개월 내 주문한 적은 있지만 최근 30일간 구매가 없는 회원
[ 3] sql            match                                                       누적 구매금액 상위 10% 회원을 추출해줘
[ 4] sql            match                                                       장바구니에 서로 다른 상품을 3개 이상 담아둔 회원
[ 5] clarification  match        semantic_ir_needs_clarification                최근 캠페인 발송 성공 횟수가 3회 이상인 회원
[ 6] clarification  regression   semantic_ir_needs_clarification                캠페인별 구매반응 금액이 평균 10만 원 이상인 회원
[ 7] failure        regression   rules_fallback:required_candidate_not_construc 구매주기가 30일 이하인 회원
[ 8] clarification  regression   query_plan_required_conditions_missing         이십만원 이상 구매한 회원 중 남자는 제외해줘
[ 9] sql            match                                                       2019년 가장 많이 팔린 상품 10개를 구매한 고객
[10] clarification  regression   semantic_ir_needs_clarification                작년에 가장 많이 팔린 상품 5개 중 2개 이상 구매한 고객
[11] sql            match                                                       최근 30일 장바구니에 담아두고 결제하지 않은 회원
[12] clarification  regression   semantic_registry_gap                          2026년 2월과 3월의 구매금액이 증가한 회원
[13] sql            match                                                       현재 등급이 VIP인 회원
[14] sql            match                                                       최근 30일 구매한 회원 수를 알려줘
[15] clarification  regression   semantic_ir_needs_clarification                지난달 말 기준 VIP였던 회원을 찾아줘
[16] sql            match                                                       이번 달 기준 골드 등급 회원
[17] clarification  regression   semantic_ir_needs_clarification                최근에 등급이 승급한 회원
[18] unsupported    match        semantic_ir_unsupported                        정상에서 휴면으로 바뀐 회원
[19] sql            match                                                       직전 등급이 골드였던 회원
[20] sql            improvement                                                 3개월 내내 VIP를 유지한 회원
[21] sql            match                                                       6개월 이상 접속하지 않은 휴면 고객
[22] clarification  regression   query_plan_required_conditions_missing         3개월 내내 VIP 등급을 유지한 회원
[23] clarification  regression   query_plan_required_conditions_missing         등급이 2회 이상 변경된 회원
[24] sql            match                                                       골드 이상 등급인 회원
[25] clarification  regression   semantic_ir_needs_clarification                최근 6개월 매월 존재한 회원
[26] sql            improvement                                                 한 번도 VIP였던 적이 없는 회원
[27] unsupported    unknown      semantic_ir_unsupported                        2026년 2월과 3월의 구매금액차이가 10% 이상 증가한 고객 리스
[28] sql            unknown                                                     각 회원의 최신 기준월 구매등급을 기준으로 VIP 회원을 찾아줘
[29] unsupported    unknown      semantic_ir_unsupported                        2025년 12월 기준 휴면 상태였던 회원 수를 알려줘
[30] clarification  unknown      query_plan_required_conditions_missing         지난 6개월 동안 골드에서 VIP로 승급한 회원을 찾아줘
[31] clarification  unknown      semantic_ir_needs_clarification                최근 상태가 VIP이고 직전 상태는 골드였던 회원을 보여줘
[32] clarification  unknown      query_plan_required_conditions_missing         최근 3개월 동안 등급이 두 번 이상 변경된 회원을 찾아줘
[33] unsupported    unknown      semantic_ir_unsupported                        한 번이라도 휴면 상태였지만 현재는 정상인 회원을 추출해줘
[34] unsupported    unknown      semantic_ir_unsupported                        2026년 상반기 동안 한 번도 휴면 상태가 아니었던 회원을 추출해줘
[35] clarification  unknown      semantic_ir_needs_clarification                최근 6개월 중 적어도 한 달은 골드 이상이었던 회원을 보여줘
[36] unsupported    unknown      semantic_ir_unsupported                        최근 6개월 모든 월에 구매등급이 존재하는 회원을 찾아줘
[37] clarification  unknown      query_plan_required_conditions_missing         최근 12개월 동안 등급이 한 번도 바뀌지 않은 회원을 추출해줘
[38] sql            unknown                                                     최근 30일 장바구니 상품 종류가 2개 이상이고 총금액이 10만 원 
[39] clarification  unknown      semantic_ir_needs_clarification                회원별 평균 구매주기가 30일 이내이고 다음 구매예정일이 지난 고객을
[40] sql            unknown                                                     2019년에 이십만원 이상을 구매한고객에서 남자는 제외해.
[41] clarification  unknown      semantic_ir_needs_clarification                최근 캠페인 발송 성공 횟수가 3회 이상이고 구매반응이 없는 회원을 
[42] failure        unknown      rules_fallback:required_candidate_not_construc 최근 90일 동안 총 구매금액이 30만원 이상인 회원을 찾아줘.
[43] sql            unknown                                                     최근 90일 동안 구매금액이 30만원 이상인 주문을 한 회원을 찾아줘
[44] unsupported    unknown      semantic_ir_unsupported                        구매 회원이 100명 이상인 브랜드를 알려줘.
[45] clarification  unknown      semantic_ir_needs_clarification                최근 90일 동안 정확히 세 번 주문한 회원을 추출해줘.
[46] unsupported    unknown      semantic_ir_unsupported                        서로 다른 브랜드를 정확히 두 개 구매한 회원을 보여줘.
[47] sql            unknown                                                     이메일, 문자, 앱푸시 중 정확히 두 개 채널에 동의한 회원을 찾아줘
[48] clarification  unknown      query_plan_required_conditions_missing         장바구니에 서로 다른 상품을 정확히 네 종류 담은 회원을 보여줘.
[49] sql            unknown                                                     사료, 간식, 장난감을 모두 구매한 회원을 찾아줘.
[50] sql            unknown                                                     이메일, 문자, 앱푸시에 모두 동의한 회원을 추출해줘.
[51] unsupported    unknown      semantic_ir_unsupported                        최근 3개월 동안 매월 한 번 이상 구매한 회원을 보여줘.
[52] clarification  unknown      semantic_ir_needs_clarification                지정한 세 개 캠페인에 모두 반응한 회원을 찾아줘.
[53] clarification  unknown      semantic_registry_gap                          앱과 PC 양쪽 채널에서 모두 주문한 회원을 추출해줘.
[54] clarification  unknown      semantic_registry_gap                          앱, 모바일웹, PC 중 하나의 채널로 주문한 회원을 찾아줘.
[55] sql            unknown                                                     사료, 간식, 장난감 중 하나라도 구매한 회원을 추출해줘.
[56] sql            unknown                                                     이메일, 문자, 앱푸시 중 하나 이상에 동의한 회원을 보여줘.
[57] clarification  unknown      semantic_ir_needs_clarification                최근 3개 캠페인 중 하나라도 구매 반응을 보인 회원을 찾아줘.
[58] sql            unknown                                                     서울, 경기, 인천 중 한 지역에 거주하는 회원을 추출해줘.
[59] clarification  unknown      query_plan_required_conditions_missing         사료를 구매하지 않은 회원을 찾아줘.
[60] sql            unknown                                                     사료 외 상품을 구매한 회원을 찾아줘.
[61] sql            unknown                                                     사료를 구매한 적은 없지만 다른 상품은 구매한 회원을 찾아줘.
[62] clarification  unknown      semantic_ir_needs_clarification                최근 30일에는 구매하지 않았지만 과거 구매 이력은 있는 회원을 찾아
[63] sql            unknown                                                     모든 캠페인에 반응하지 않은 회원을 찾아줘.
[64] clarification  unknown      semantic_ir_needs_clarification                특정 상품을 구매하지 않은 회원을 찾아줘.
[65] clarification  unknown      semantic_verification_failed                   특정 상품을 제외한 다른 상품을 구매한 회원이 아니라, 해당 상품을 
[66] clarification  unknown      semantic_ir_needs_clarification                최근 90일 동안 주문하지 않은 회원을 추출해줘.
[67] sql            unknown                                                     장바구니에는 상품이 있지만 한 번도 구매하지 않은 회원을 찾아줘.
[68] sql            unknown                                                     앱으로 로그인하지 않은 회원을 찾아줘.
[69] clarification  unknown      semantic_verification_failed                   2026년 7월 1일 23시 59분 59초까지 주문한 회원을 찾아줘.
[70] unsupported    unknown      semantic_ir_unsupported                        밤 11시부터 다음 날 새벽 2시 사이에 주문한 회원을 알려줘.
[71] sql            match                                                       어제 하루 동안 구매한 회원 수를 알려줘.
[72] sql            unknown                                                     오늘 주문한 회원을 알려줘.
[73] unsupported    match        semantic_ir_unsupported                        여성이면서 정상에서 휴면으로 바뀐 회원
[74] clarification  regression   query_plan_required_conditions_missing         여성이면서 골드에서 VIP로 바뀐 회원
[75] clarification  regression   semantic_ir_needs_clarification                여성이면서 가치등급이 골드에서 VIP로 바뀐 회원
[76] clarification  regression   semantic_ir_needs_clarification                여성이면서 지난달 말 기준 VIP였던 회원
[77] clarification  regression   query_plan_required_conditions_missing         최근 90일 동안 3회 이상 구매하고 골드에서 VIP로 승급한 회원
[78] sql            match                                                       최근 5일 동안 캠페인 발송 성공 횟수가 3회 이상인 회원
[79] clarification  unknown      semantic_verification_failed                   2026년 7월 1일 23시 59분 30초 이후 주문한 회원
[80] clarification  unknown      semantic_verification_failed                   2026년 7월 1일 오전 9시부터 7월 2일 오후 6시 30분까지 
[81] unsupported    unknown      semantic_ir_unsupported                        오전 9시부터 오후 6시 사이에 주문한 회원
[82] clarification  unknown      semantic_ir_needs_clarification                최근 24시간 동안 주문한 회원
[83] unsupported    unknown      semantic_ir_unsupported                        지난 주에 주문한 회원
[84] sql            unknown                                                     지난달 주문한 회원
[85] unsupported    unknown      semantic_ir_unsupported                        3개월 전부터 1개월 전까지 주문한 회원
[86] clarification  unknown      semantic_registry_gap                          향후 7일 안에 구매예정일이 도래하는 회원

========================================================================
귀결: sql 31 / unsupported 15 / clarification 38 / failure 2 / error 0
판정: match 16 / improvement 2 / regression 15 / unknown 53

레인(어느 컴파일러가 SQL 을 냈나):
   36건  sql_template:event_expression  [1, 3, 4, 9, 11, 13, 14, 16, 19, 20, 21, 24, 26, 28, 38, 40, 43, 47, 49, 50, 55, 56, 58, 60, 61, 63, 65, 67, 68, 69, 71, 72, 78, 79, 80, 84]
회귀: [2, 6, 7, 8, 10, 12, 15, 17, 22, 23, 25, 74, 75, 76, 77]
개선(기대치 갱신 후보): [20, 26]

실측 기준선 대비 변화 22건:
  - # 2 sql → unsupported
  - #10 unsupported → clarification
  + #19 failure → sql
  + #20 unsupported → sql
  + #21 clarification → sql
  - #22 sql → clarification
  - #23 unsupported → clarification
  + #24 clarification → sql
  - #25 unsupported → clarification
  + #28 clarification → sql
  - #32 unsupported → clarification
  + #35 failure → clarification
  + #36 clarification → unsupported
  - #42 sql → failure
  + #45 failure → clarification
  - #57 unsupported → clarification
  - #59 sql → clarification
  - #62 unsupported → clarification
  - #64 sql → clarification
  - #66 sql → clarification
  + #71 failure → sql
  - #82 unsupported → clarification
결과 저장: /app/artifacts/measure/run_after.json
